
> my-app@0.0.0 build
> tsc -b && vite build

src/pages/WhiteInkProduct.tsx(2,10): error TS6133: 'ChevronLeft' is declared but its value is never read.
src/pages/WhiteInkProduct.tsx(2,23): error TS6133: 'ChevronRight' is declared but its value is never read.
src/pages/WhiteInkProduct.tsx(2,51): error TS6133: 'Truck' is declared but its value is never read.
src/pages/WhiteInkProduct.tsx(43,20): error TS6133: 'setQuantity' is declared but its value is never read.
src/pages/WhiteInkProduct.tsx(44,22): error TS6133: 'setReviewPage' is declared but its value is never read.
src/pages/WhiteInkProduct.tsx(89,30): error TS6133: 'variant' is declared but its value is never read.
src/pages/WhiteInkProduct.tsx(288,116): error TS2304: Cannot find name 'ChevronDown'.
