12:13:28 PM - Projects in this build: 
    * tsconfig.app.json
    * tsconfig.node.json
    * tsconfig.json

12:13:28 PM - Project 'tsconfig.app.json' is out of date because buildinfo file 'node_modules/.tmp/tsconfig.app.tsbuildinfo' indicates that program needs to report errors.

12:13:28 PM - Building project 'C:/Users/Administrator/Downloads/Compressed/procolored-web-main_2/procolored-web-main/tsconfig.app.json'...

src/pages/Collections.tsx(2,42): error TS6133: 'X' is declared but its value is never read.
src/pages/Collections.tsx(466,18): error TS2304: Cannot find name 'ChevronLeft'.
src/pages/Collections.tsx(494,18): error TS2304: Cannot find name 'ChevronRight'.
12:13:37 PM - Project 'tsconfig.node.json' is out of date because output file 'vite.config.js' does not exist

12:13:37 PM - Building project 'C:/Users/Administrator/Downloads/Compressed/procolored-web-main_2/procolored-web-main/tsconfig.node.json'...

